2026-05-09 17:55:15,043 - INFO - ==============================================
2026-05-09 17:55:15,043 - INFO - STARTING TEST
2026-05-09 17:55:15,043 - INFO - Reading Configuration
2026-05-09 17:55:15,044 - INFO - Browser from config: edge
2026-05-09 17:55:15,259 - INFO - ==============================================
2026-05-09 17:55:15,259 - INFO - STARTING TEST
2026-05-09 17:55:15,259 - INFO - Reading Configuration
2026-05-09 17:55:15,260 - INFO - Browser from config: edge
2026-05-09 17:55:15,282 - INFO - ==============================================
2026-05-09 17:55:15,282 - INFO - STARTING TEST
2026-05-09 17:55:15,283 - INFO - Reading Configuration
2026-05-09 17:55:15,283 - INFO - Browser from config: edge
2026-05-09 17:59:48,505 - INFO - ==============================================
2026-05-09 17:59:48,505 - INFO - STARTING TEST
2026-05-09 17:59:48,505 - INFO - Reading Configuration
2026-05-09 17:59:48,506 - INFO - Browser from config: edge
2026-05-09 17:59:51,122 - INFO - Opened Browser: edge
2026-05-09 17:59:51,931 - INFO - Url Loaded: https://www.saucedemo.com/
2026-05-09 17:59:51,932 - INFO - Login page opened
2026-05-09 17:59:51,932 - INFO - Trying to login with data - standard_user, secret_sauce
2026-05-09 17:59:51,933 - INFO - Trying to login with standard_user, secret_sauce
2026-05-09 17:59:51,933 - INFO - Typing the element: ('id', 'user-name')
2026-05-09 17:59:51,933 - INFO - locating the element: ('id', 'user-name')
2026-05-09 17:59:52,373 - INFO - Typing the element: ('id', 'password')
2026-05-09 17:59:52,373 - INFO - locating the element: ('id', 'password')
2026-05-09 17:59:52,646 - INFO - Clicking the element: ('id', 'login-button')
2026-05-09 17:59:52,646 - INFO - locating the element: ('id', 'login-button')
2026-05-09 17:59:52,930 - INFO - Checking logged in status
2026-05-09 17:59:52,953 - INFO - login Successful - Inventory page opened
2026-05-09 17:59:56,206 - INFO - Closing Browser: edge
2026-05-09 17:59:56,206 - INFO - ENDING TEST
2026-05-09 17:59:56,206 - INFO - =========================================================
2026-05-09 17:59:56,207 - INFO - ==============================================
2026-05-09 17:59:56,208 - INFO - STARTING TEST
2026-05-09 17:59:56,208 - INFO - Reading Configuration
2026-05-09 17:59:56,208 - INFO - Browser from config: edge
2026-05-09 17:59:58,275 - INFO - Opened Browser: edge
2026-05-09 17:59:59,119 - INFO - Url Loaded: https://www.saucedemo.com/
2026-05-09 17:59:59,120 - INFO - Login page opened
2026-05-09 17:59:59,120 - INFO - Trying to login with data - locked_out_user, secret_sauce
2026-05-09 17:59:59,120 - INFO - Trying to login with locked_out_user, secret_sauce
2026-05-09 17:59:59,120 - INFO - Typing the element: ('id', 'user-name')
2026-05-09 17:59:59,120 - INFO - locating the element: ('id', 'user-name')
2026-05-09 17:59:59,434 - INFO - Typing the element: ('id', 'password')
2026-05-09 17:59:59,434 - INFO - locating the element: ('id', 'password')
2026-05-09 17:59:59,679 - INFO - Clicking the element: ('id', 'login-button')
2026-05-09 17:59:59,679 - INFO - locating the element: ('id', 'login-button')
2026-05-09 17:59:59,924 - INFO - Checking logged in status
2026-05-09 17:59:59,934 - INFO - Trying to read error message
2026-05-09 17:59:59,934 - INFO - Getting the text: ('tag name', 'h3')
2026-05-09 17:59:59,934 - INFO - locating the element: ('tag name', 'h3')
2026-05-09 18:00:00,092 - INFO - Screenshot saved at: reports/screenshots/screenshot_20260509_175959.png
2026-05-09 18:00:00,093 - ERROR - login failed - Inventory page NOT opened.
2026-05-09 18:00:04,777 - INFO - Closing Browser: edge
2026-05-09 18:00:04,777 - INFO - ENDING TEST
2026-05-09 18:00:04,777 - INFO - =========================================================
2026-05-09 18:00:04,778 - INFO - ==============================================
2026-05-09 18:00:04,778 - INFO - STARTING TEST
2026-05-09 18:00:04,778 - INFO - Reading Configuration
2026-05-09 18:00:04,779 - INFO - Browser from config: edge
2026-05-09 18:00:06,818 - INFO - Opened Browser: edge
2026-05-09 18:00:07,478 - INFO - Url Loaded: https://www.saucedemo.com/
2026-05-09 18:00:07,480 - INFO - Login page opened
2026-05-09 18:00:07,480 - INFO - Trying to login with data - wrong_user, wrong_pass
2026-05-09 18:00:07,480 - INFO - Trying to login with wrong_user, wrong_pass
2026-05-09 18:00:07,480 - INFO - Typing the element: ('id', 'user-name')
2026-05-09 18:00:07,480 - INFO - locating the element: ('id', 'user-name')
2026-05-09 18:00:07,841 - INFO - Typing the element: ('id', 'password')
2026-05-09 18:00:07,841 - INFO - locating the element: ('id', 'password')
2026-05-09 18:00:08,147 - INFO - Clicking the element: ('id', 'login-button')
2026-05-09 18:00:08,147 - INFO - locating the element: ('id', 'login-button')
2026-05-09 18:00:08,355 - INFO - Checking logged in status
2026-05-09 18:00:08,363 - INFO - Trying to read error message
2026-05-09 18:00:08,363 - INFO - Getting the text: ('tag name', 'h3')
2026-05-09 18:00:08,363 - INFO - locating the element: ('tag name', 'h3')
2026-05-09 18:00:09,410 - INFO - Closing Browser: edge
2026-05-09 18:00:09,410 - INFO - ENDING TEST
2026-05-09 18:00:09,411 - INFO - =========================================================
2026-05-09 18:11:29,650 - INFO - ==============================================
2026-05-09 18:11:29,650 - INFO - STARTING TEST
2026-05-09 18:11:29,650 - INFO - Reading Configuration
2026-05-09 18:11:29,650 - INFO - Browser from config: edge
2026-05-09 18:11:31,818 - INFO - Opened Browser: edge
2026-05-09 18:11:32,573 - INFO - Url Loaded: https://www.saucedemo.com/
2026-05-09 18:11:32,574 - INFO - Login page opened
2026-05-09 18:11:32,574 - INFO - Trying to login with data - standard_user, secret_sauce
2026-05-09 18:11:32,574 - INFO - Trying to login with standard_user, secret_sauce
2026-05-09 18:11:32,574 - INFO - Typing the element: ('id', 'user-name')
2026-05-09 18:11:32,575 - INFO - locating the element: ('id', 'user-name')
2026-05-09 18:11:32,953 - INFO - Typing the element: ('id', 'password')
2026-05-09 18:11:32,953 - INFO - locating the element: ('id', 'password')
2026-05-09 18:11:33,250 - INFO - Clicking the element: ('id', 'login-button')
2026-05-09 18:11:33,250 - INFO - locating the element: ('id', 'login-button')
2026-05-09 18:11:33,666 - INFO - Checking logged in status
2026-05-09 18:11:33,687 - INFO - login Successful - Inventory page opened
2026-05-09 18:11:36,498 - INFO - Closing Browser: edge
2026-05-09 18:11:36,499 - INFO - ENDING TEST
2026-05-09 18:11:36,499 - INFO - =========================================================
2026-05-09 18:11:36,500 - INFO - ==============================================
2026-05-09 18:11:36,500 - INFO - STARTING TEST
2026-05-09 18:11:36,500 - INFO - Reading Configuration
2026-05-09 18:11:36,500 - INFO - Browser from config: edge
2026-05-09 18:11:38,577 - INFO - Opened Browser: edge
2026-05-09 18:11:39,100 - INFO - Url Loaded: https://www.saucedemo.com/
2026-05-09 18:11:39,100 - INFO - Login page opened
2026-05-09 18:11:39,101 - INFO - Trying to login with data - locked_out_user, secret_sauce
2026-05-09 18:11:39,101 - INFO - Trying to login with locked_out_user, secret_sauce
2026-05-09 18:11:39,101 - INFO - Typing the element: ('id', 'user-name')
2026-05-09 18:11:39,101 - INFO - locating the element: ('id', 'user-name')
2026-05-09 18:11:39,345 - INFO - Typing the element: ('id', 'password')
2026-05-09 18:11:39,345 - INFO - locating the element: ('id', 'password')
2026-05-09 18:11:39,548 - INFO - Clicking the element: ('id', 'login-button')
2026-05-09 18:11:39,548 - INFO - locating the element: ('id', 'login-button')
2026-05-09 18:11:39,779 - INFO - Checking logged in status
2026-05-09 18:11:39,791 - INFO - Trying to read error message
2026-05-09 18:11:39,791 - INFO - Getting the text: ('tag name', 'h3')
2026-05-09 18:11:39,791 - INFO - locating the element: ('tag name', 'h3')
2026-05-09 18:11:39,955 - INFO - Screenshot saved at: reports/screenshots/screenshot_20260509_181139.png
2026-05-09 18:11:39,956 - ERROR - login failed - Inventory page NOT opened.
2026-05-09 18:11:44,215 - INFO - Closing Browser: edge
2026-05-09 18:11:44,216 - INFO - ENDING TEST
2026-05-09 18:11:44,216 - INFO - =========================================================
2026-05-09 18:11:44,217 - INFO - ==============================================
2026-05-09 18:11:44,217 - INFO - STARTING TEST
2026-05-09 18:11:44,217 - INFO - Reading Configuration
2026-05-09 18:11:44,217 - INFO - Browser from config: edge
2026-05-09 18:11:46,042 - INFO - Opened Browser: edge
2026-05-09 18:11:47,161 - INFO - Url Loaded: https://www.saucedemo.com/
2026-05-09 18:11:47,162 - INFO - Login page opened
2026-05-09 18:11:47,162 - INFO - Trying to login with data - wrong_user, wrong_pass
2026-05-09 18:11:47,162 - INFO - Trying to login with wrong_user, wrong_pass
2026-05-09 18:11:47,162 - INFO - Typing the element: ('id', 'user-name')
2026-05-09 18:11:47,162 - INFO - locating the element: ('id', 'user-name')
2026-05-09 18:11:47,601 - INFO - Typing the element: ('id', 'password')
2026-05-09 18:11:47,601 - INFO - locating the element: ('id', 'password')
2026-05-09 18:11:47,760 - INFO - Clicking the element: ('id', 'login-button')
2026-05-09 18:11:47,760 - INFO - locating the element: ('id', 'login-button')
2026-05-09 18:11:47,988 - INFO - Checking logged in status
2026-05-09 18:11:47,993 - INFO - Trying to read error message
2026-05-09 18:11:47,993 - INFO - Getting the text: ('tag name', 'h3')
2026-05-09 18:11:47,993 - INFO - locating the element: ('tag name', 'h3')
2026-05-09 18:11:48,135 - INFO - Screenshot saved at: reports/screenshots/screenshot_20260509_181148.png
2026-05-09 18:11:48,135 - ERROR - login failed - Inventory page NOT opened.
2026-05-09 18:11:50,477 - INFO - Closing Browser: edge
2026-05-09 18:11:50,477 - INFO - ENDING TEST
2026-05-09 18:11:50,477 - INFO - =========================================================
